if [ ! -d pub ]; then \
mkdir pub; \
fi
tar cvJf 1701231030tree.tar.xz \
README.txt LICENSE.txt Makefile src sh cfg host plt plugins/README \
plugins/GOTHIC_split/GOTHIC_split.xml plugins/GOTHIC_split/GOTHIC_splitCommonPluginInfo.C plugins/GOTHIC_split/GOTHIC_splitEnginePluginInfo.C plugins/GOTHIC_split/GOTHIC_splitMDServerPluginInfo.C plugins/GOTHIC_split/GOTHIC_splitPluginInfo.C plugins/GOTHIC_split/GOTHIC_splitPluginInfo.h plugins/GOTHIC_split/avtGOTHIC_splitFileFormat.C plugins/GOTHIC_split/avtGOTHIC_splitFileFormat.h plugins/GOTHIC_snp/GOTHIC_snp.xml plugins/GOTHIC_snp/GOTHIC_snpCommonPluginInfo.C plugins/GOTHIC_snp/GOTHIC_snpEnginePluginInfo.C plugins/GOTHIC_snp/GOTHIC_snpMDServerPluginInfo.C plugins/GOTHIC_snp/GOTHIC_snpPluginInfo.C plugins/GOTHIC_snp/GOTHIC_snpPluginInfo.h plugins/GOTHIC_snp/avtGOTHIC_snpFileFormat.C plugins/GOTHIC_snp/avtGOTHIC_snpFileFormat.h plugins/GOTHIC_err/GOTHIC_err.xml plugins/GOTHIC_err/GOTHIC_errCommonPluginInfo.C plugins/GOTHIC_err/GOTHIC_errEnginePluginInfo.C plugins/GOTHIC_err/GOTHIC_errMDServerPluginInfo.C plugins/GOTHIC_err/GOTHIC_errPluginInfo.C plugins/GOTHIC_err/GOTHIC_errPluginInfo.h plugins/GOTHIC_err/avtGOTHIC_errFileFormat.C plugins/GOTHIC_err/avtGOTHIC_errFileFormat.h plugins/GOTHIC/GOTHIC.xml plugins/GOTHIC/GOTHICCommonPluginInfo.C plugins/GOTHIC/GOTHICEnginePluginInfo.C plugins/GOTHIC/GOTHICMDServerPluginInfo.C plugins/GOTHIC/GOTHICPluginInfo.C plugins/GOTHIC/GOTHICPluginInfo.h plugins/GOTHIC/avtGOTHICFileFormat.C plugins/GOTHIC/avtGOTHICFileFormat.h plugins/MAGI_disk/MAGI_disk.xml plugins/MAGI_disk/MAGI_diskCommonPluginInfo.C plugins/MAGI_disk/MAGI_diskEnginePluginInfo.C plugins/MAGI_disk/MAGI_diskMDServerPluginInfo.C plugins/MAGI_disk/MAGI_diskPluginInfo.C plugins/MAGI_disk/MAGI_diskPluginInfo.h plugins/MAGI_disk/avtMAGI_diskFileFormat.C plugins/MAGI_disk/avtMAGI_diskFileFormat.h plugins/MAGI_df/MAGI_df.xml plugins/MAGI_df/MAGI_dfCommonPluginInfo.C plugins/MAGI_df/MAGI_dfEnginePluginInfo.C plugins/MAGI_df/MAGI_dfMDServerPluginInfo.C plugins/MAGI_df/MAGI_dfPluginInfo.C plugins/MAGI_df/MAGI_dfPluginInfo.h plugins/MAGI_df/avtMAGI_dfFileFormat.C plugins/MAGI_df/avtMAGI_dfFileFormat.h plugins/MAGI_profile/MAGI_profile.xml plugins/MAGI_profile/MAGI_profileCommonPluginInfo.C plugins/MAGI_profile/MAGI_profileEnginePluginInfo.C plugins/MAGI_profile/MAGI_profileMDServerPluginInfo.C plugins/MAGI_profile/MAGI_profilePluginInfo.C plugins/MAGI_profile/MAGI_profilePluginInfo.h plugins/MAGI_profile/avtMAGI_profileFileFormat.C plugins/MAGI_profile/avtMAGI_profileFileFormat.h
README.txt
LICENSE.txt
Makefile
src/
src/file/
src/file/io.c
src/file/io.h
src/init/
src/init/sample.c
src/init/abel.c
src/init/blas.c
src/init/magi.h
src/init/magi.c
src/init/test.c
src/init/spline.c
src/init/king.h
src/init/blas.h
src/init/abel.h
src/init/table.c
src/init/disk.h
src/init/table.h
src/init/disk.c
src/init/king.c
src/init/spline.h
src/init/uniformsphere.c
src/init/profile.c
src/init/profile.h
src/init/eddington.c
src/init/eddington.h
src/init/potdens.c
src/init/potdens.h
src/init/diskDF.c
src/init/diskDF.h
src/init/z160812magi.c
src/init/160918potdens.c
src/main/
src/main/gothic.c
src/main/showOptConfig.c
src/misc/
src/misc/convert.h
src/misc/allocate_dev.cu
src/misc/brent.c
src/misc/device.h
src/misc/allocate.c
src/misc/gsync_dev.cu
src/misc/allocate.h
src/misc/allocate_dev.h
src/misc/benchmark.h
src/misc/brent.h
src/misc/structure.h
src/misc/convert.c
src/misc/tune.c
src/misc/tune.h
src/para/
src/para/mpicfg.c
src/para/mpicfg.h
src/para/exchange.h
src/para/exchange.c
src/para/161105exchange.c
src/para/161105exchange.h
src/para/exchange_dev.h
src/para/exchange_dev.cu
src/plot/
src/plot/plot.ball.c
src/plot/cdflib.h
src/plot/plot.cdf.c
src/plot/cdflib.c
src/plot/plot.energy.c
src/plot/plot.distribution.c
src/plot/plot.ndep.c
src/plot/plot.comparison.c
src/plot/plot.df.c
src/plot/plot.time.c
src/plot/plot.multipole.c
src/plot/plot.needle.c
src/plot/plot.disk.c
src/plot/plot.performance.c
src/plot/plot.breakdown.c
src/sort/
src/sort/bench.sh
src/sort/rate.eps
src/sort/radix_dev.cu
src/sort/peano.h
src/sort/peano_dev.h
src/sort/compare.gp
src/sort/bench/
src/sort/bench/bench.log
src/sort/bench/bench.err
src/sort/160307peano_dev.cu
src/sort/make.log
src/sort/peano_dev.cu
src/sort/Makefile.sort
src/sort/radix_inc.cu
src/sort/check.sh
src/sort/radix_inc.h
src/sort/140828morton.ods
src/sort/peano.c
src/sort/radix_dev.h
src/sort/radix_del.h
src/sort/time.eps
src/time/
src/time/adv_dev.h
src/time/adv_dev.cu
src/tree/
src/tree/seb_dev_local.cu
src/tree/stat_dev.h
src/tree/make.h
src/tree/seb.c
src/tree/let.h
src/tree/stat.h
src/tree/set_dev_intmem.cu
src/tree/make.c
src/tree/stat.c
src/tree/shrink_dev.cu
src/tree/let_dev.cu
src/tree/macutil.h
src/tree/make_del.h
src/tree/walk_dev.cu
src/tree/stat_dev.cu
src/tree/make_dev.cu
src/tree/walk_dev.h
src/tree/seb_dev.cu
src/tree/neighbor_dev.cu
src/tree/make_inc.h
src/tree/make_inc.cu
src/tree/neighbor_dev.h
src/tree/let.c
src/tree/seb_smQR_dev.cu
src/tree/make_dev.h
src/tree/macutil.c
src/tree/shrink_dev.h
src/tree/icom_dev.cu
src/tree/buf_inc.cu
src/tree/let_dev.h
src/tree/buf_inc.h
src/tree/geo_dev.cu
src/tree/geo_dev.h
src/PHskip.ods
src/anal/
src/anal/anal.error.c
sh/
sh/hapacs/
sh/hapacs/comq/
sh/hapacs/comq/measure.prepare.sh
sh/hapacs/comq/prep1k.sh
sh/hapacs/comq/measure.sh
sh/hapacs/comq/plot.sh
sh/hapacs/comq/submit.sh
sh/hapacs/comq/exec.sh
sh/hapacs/comq/bench.misc.sh
sh/hapacs/comq/check.misc.sh
sh/hapacs/comq/bench.exec.sh
sh/hapacs/comq/measure.exec.sh
sh/hapacs/comq/bench.walk.sh
sh/hapacs/comq/init.sh
sh/hapacs/tca/
sh/hapacs/tca/measure.prepare.sh
sh/hapacs/tca/prep1k.sh
sh/hapacs/tca/measure.sh
sh/hapacs/tca/plot.sh
sh/hapacs/tca/submit.sh
sh/hapacs/tca/exec.sh
sh/hapacs/tca/bench.misc.sh
sh/hapacs/tca/check.misc.sh
sh/hapacs/tca/bench.exec.sh
sh/hapacs/tca/measure.exec.sh
sh/hapacs/tca/bench.walk.sh
sh/hapacs/tca/init.sh
sh/local/
sh/local/measure.prepare.sh
sh/local/prep1k.sh
sh/local/plot.sh
sh/local/test.sh
sh/local/exec.sh
sh/local/bench.misc.sh
sh/local/plot.time.sh
sh/local/mpirun.sh
sh/local/check.misc.sh
sh/local/benchmark.sh
sh/local/bench.walk.sh
sh/local/init.sh
sh/local/numarun.sh
sh/local/plplot.sh
sh/summary.sh
sh/gnuplot.sh
sh/digit.sh
cfg/
cfg/abel/
cfg/abel/deVaucouleurs.cfg
cfg/abel/prjTwoPow.param
cfg/abel/prjTwoPow.cfg
cfg/abel/deVaucouleurs.param
cfg/galaxy/
cfg/galaxy/s15.cfg
cfg/galaxy/satellite.cfg
cfg/galaxy/satellite_bulge.param
cfg/galaxy/satellite_disk.param
cfg/galaxy/satellite_halo.param
cfg/galaxy/mw_bulge.param
cfg/galaxy/f07.cfg
cfg/galaxy/mw_centralbh.param
cfg/galaxy/s15_dmhalo.param
cfg/galaxy/ltg_bulge.param
cfg/galaxy/galaxy_dmhalo.param
cfg/galaxy/mw_thickdisk.param
cfg/galaxy/galaxy_thindisk.param
cfg/galaxy/ltg_halo.param
cfg/galaxy/ltg_thickdisk.param
cfg/galaxy/mw_stellarhalo.param
cfg/galaxy/ltg_thindisk.param
cfg/galaxy/va15_bulge.param
cfg/galaxy/m31.cfg
cfg/galaxy/s15_disk.param
cfg/galaxy/va15_halo.param
cfg/galaxy/f07_bulge.param
cfg/galaxy/mw_thindisk.param
cfg/galaxy/va15.cfg
cfg/galaxy/m31_bulge.param
cfg/galaxy/spherical_centralbh.param
cfg/galaxy/f07_halo.param
cfg/galaxy/va15_disk.param
cfg/galaxy/galaxy_centralbh.param
cfg/galaxy/spherical_stellarhalo.param
cfg/galaxy/galaxy_stellarhalo.param
cfg/galaxy/f07_disk.param
cfg/galaxy/galaxy_thickdisk.param
cfg/galaxy/mw.cfg
cfg/galaxy/s15_shalo.param
cfg/galaxy/spherical_dmhalo.param
cfg/galaxy/ltg.cfg
cfg/galaxy/spherical_bulge.param
cfg/galaxy/galaxy_bulge.param
cfg/galaxy/mw_dmhalo.param
cfg/galaxy/compare.cfg
cfg/galaxy/s15_bulge.param
cfg/galaxy/spherical.cfg
cfg/galaxy/galaxy.cfg
cfg/galaxy/f07_gics.cfg
cfg/gics/
cfg/gics/bonsai/
cfg/gics/bonsai/b14_nfw.param
cfg/gics/bonsai/b14_disk.param
cfg/gics/bonsai/b14.cfg
cfg/gics/bonsai/b14_hernquist.param
cfg/gics/kd95/
cfg/gics/kd95/MWd.cfg
cfg/gics/kd95/MWc_halo.param
cfg/gics/kd95/MWc.cfg
cfg/gics/kd95/MWb_halo.param
cfg/gics/kd95/MWc_bulge.param
cfg/gics/kd95/MWa_bulge.param
cfg/gics/kd95/MWd_halo.param
cfg/gics/kd95/MWa_halo.param
cfg/gics/kd95/MWa.cfg
cfg/gics/kd95/disk.param
cfg/gics/kd95/MWd_bulge.param
cfg/gics/kd95/MWb_bulge.param
cfg/gics/kd95/MWb.cfg
cfg/gics/w03/
cfg/gics/w03/M31d_disk.param
cfg/gics/w03/M31a_halo.param
cfg/gics/w03/M31a_bulge.param
cfg/gics/w03/M31a.cfg
cfg/gics/w03/M31a_disk.param
cfg/gics/w03/M31d_halo.param
cfg/gics/w03/M31d.cfg
cfg/gics/w03/M31d_bulge.param
cfg/gics/wd05/
cfg/gics/wd05/MWb_halo.param
cfg/gics/wd05/MWa_bulge.param
cfg/gics/wd05/MWb_disk.param
cfg/gics/wd05/MWa_halo.param
cfg/gics/wd05/MWa.cfg
cfg/gics/wd05/MWa_disk.param
cfg/gics/wd05/MWb_bulge.param
cfg/gics/wd05/MWb.cfg
cfg/multi/
cfg/multi/hbd_bulge.param
cfg/multi/hbdd_thin.param
cfg/multi/ekes_sersic.param
cfg/multi/hbd_disk.param
cfg/multi/hbdd_thick.param
cfg/multi/ekes_exponential.param
cfg/multi/hbd.cfg
cfg/multi/ekes_einasto.param
cfg/multi/ekes.cfg
cfg/multi/hbd_halo.param
cfg/multi/hbdd.cfg
cfg/multi/hb.cfg
cfg/multi/ekes_king.param
cfg/single/
cfg/single/king.param
cfg/single/hernquist.cfg
cfg/single/moore.param
cfg/single/twopower.cfg
cfg/single/hernquist.param
cfg/single/nfw.param
cfg/single/king.cfg
cfg/single/moore.cfg
cfg/single/plummer.param
cfg/single/twopower.param
cfg/single/einasto.cfg
cfg/single/burkert.cfg
cfg/single/plummer.cfg
cfg/single/burkert.param
cfg/single/nfw.cfg
cfg/single/einasto.param
cfg/table/
cfg/table/ahernquist.cfg
cfg/table/dblpower.param
cfg/table/thernquist.cfg
cfg/table/dblpower.cfg
cfg/table/tplummer.dat
cfg/table/tplummer.cfg
cfg/table/thernquist.param
cfg/table/ahernquist.param
cfg/table/aplummer.cfg
cfg/table/bulgetbl.cfg
cfg/table/bulgetbl.dat
cfg/table/bulgetbl.param
cfg/table/aplummer.param
cfg/table/thernquist.dat
cfg/table/dblpower.dat
cfg/table/tplummer.param
cfg/table/disktbl.dat
host/
host/dm
host/mw
host/andromeda
host/augustus
host/zeus
plt/
plt/compare.gp
plt/neighbor.gp
plt/neighbor.eps
plt/time.gp
plt/ijp.gp
plt/breakdown.gp
plt/err.gp
plt/arm.eps
plt/relax.gp
plt/acc.gp
plt/near.eps
plugins/README
plugins/GOTHIC_split/GOTHIC_split.xml
plugins/GOTHIC_split/GOTHIC_splitCommonPluginInfo.C
plugins/GOTHIC_split/GOTHIC_splitEnginePluginInfo.C
plugins/GOTHIC_split/GOTHIC_splitMDServerPluginInfo.C
plugins/GOTHIC_split/GOTHIC_splitPluginInfo.C
plugins/GOTHIC_split/GOTHIC_splitPluginInfo.h
plugins/GOTHIC_split/avtGOTHIC_splitFileFormat.C
plugins/GOTHIC_split/avtGOTHIC_splitFileFormat.h
plugins/GOTHIC_snp/GOTHIC_snp.xml
plugins/GOTHIC_snp/GOTHIC_snpCommonPluginInfo.C
plugins/GOTHIC_snp/GOTHIC_snpEnginePluginInfo.C
plugins/GOTHIC_snp/GOTHIC_snpMDServerPluginInfo.C
plugins/GOTHIC_snp/GOTHIC_snpPluginInfo.C
plugins/GOTHIC_snp/GOTHIC_snpPluginInfo.h
plugins/GOTHIC_snp/avtGOTHIC_snpFileFormat.C
plugins/GOTHIC_snp/avtGOTHIC_snpFileFormat.h
plugins/GOTHIC_err/GOTHIC_err.xml
plugins/GOTHIC_err/GOTHIC_errCommonPluginInfo.C
plugins/GOTHIC_err/GOTHIC_errEnginePluginInfo.C
plugins/GOTHIC_err/GOTHIC_errMDServerPluginInfo.C
plugins/GOTHIC_err/GOTHIC_errPluginInfo.C
plugins/GOTHIC_err/GOTHIC_errPluginInfo.h
plugins/GOTHIC_err/avtGOTHIC_errFileFormat.C
plugins/GOTHIC_err/avtGOTHIC_errFileFormat.h
plugins/GOTHIC/GOTHIC.xml
plugins/GOTHIC/GOTHICCommonPluginInfo.C
plugins/GOTHIC/GOTHICEnginePluginInfo.C
plugins/GOTHIC/GOTHICMDServerPluginInfo.C
plugins/GOTHIC/GOTHICPluginInfo.C
plugins/GOTHIC/GOTHICPluginInfo.h
plugins/GOTHIC/avtGOTHICFileFormat.C
plugins/GOTHIC/avtGOTHICFileFormat.h
plugins/MAGI_disk/MAGI_disk.xml
plugins/MAGI_disk/MAGI_diskCommonPluginInfo.C
plugins/MAGI_disk/MAGI_diskEnginePluginInfo.C
plugins/MAGI_disk/MAGI_diskMDServerPluginInfo.C
plugins/MAGI_disk/MAGI_diskPluginInfo.C
plugins/MAGI_disk/MAGI_diskPluginInfo.h
plugins/MAGI_disk/avtMAGI_diskFileFormat.C
plugins/MAGI_disk/avtMAGI_diskFileFormat.h
plugins/MAGI_df/MAGI_df.xml
plugins/MAGI_df/MAGI_dfCommonPluginInfo.C
plugins/MAGI_df/MAGI_dfEnginePluginInfo.C
plugins/MAGI_df/MAGI_dfMDServerPluginInfo.C
plugins/MAGI_df/MAGI_dfPluginInfo.C
plugins/MAGI_df/MAGI_dfPluginInfo.h
plugins/MAGI_df/avtMAGI_dfFileFormat.C
plugins/MAGI_df/avtMAGI_dfFileFormat.h
plugins/MAGI_profile/MAGI_profile.xml
plugins/MAGI_profile/MAGI_profileCommonPluginInfo.C
plugins/MAGI_profile/MAGI_profileEnginePluginInfo.C
plugins/MAGI_profile/MAGI_profileMDServerPluginInfo.C
plugins/MAGI_profile/MAGI_profilePluginInfo.C
plugins/MAGI_profile/MAGI_profilePluginInfo.h
plugins/MAGI_profile/avtMAGI_profileFileFormat.C
plugins/MAGI_profile/avtMAGI_profileFileFormat.h
mv       1701231030tree.tar.xz pub/
